// Jest Snapshot v1, https://goo.gl/fbAQLP

exports[`stringToBase64 1`] = `"YWJj"`;
